// Jest Snapshot v1, https://goo.gl/fbAQLP

exports[` prueba de MultipleCustomHooks debe renderizar el componente 1`] = `
<Fragment>
  <h1>
    Breaking Bad
  </h1>
  <div
    className="alert alert-info text-center"
  >
    <h1
      className="text-white"
    >
      loading
    </h1>
  </div>
  <button
    className="btn btn-primary mt-5"
    onClick={[Function]}
  >
    Cambiar
  </button>
</Fragment>
`;
